// Jest Snapshot v1, https://goo.gl/fbAQLP

exports[`should render ExpenseList with expenses 1`] = `
<div>
  <ExpenseListItem
    amount="18750"
    createdAt={"1970-01-01T00:00:00.000Z"}
    description="Rent"
    id="1"
    key="1"
    note=""
  />
  <ExpenseListItem
    amount="32000"
    createdAt={-345600000}
    description="Credit Card"
    id="2"
    key="2"
    note=""
  />
  <ExpenseListItem
    amount="1000"
    createdAt={345600000}
    description="Investment"
    id="3"
    key="3"
    note=""
  />
</div>
`;

exports[`should render ExpenseList with no expense message 1`] = `
<div>
  <p>
    No Expenses Added
  </p>
</div>
`;
