// Jest Snapshot v1, https://goo.gl/fbAQLP

exports[`should render ExpenseListItem with expense 1`] = `
<div>
  <h2>
    <Link
      replace={false}
      to="/edit/1"
    >
      Rent
    </Link>
  </h2>
  <p>
    Amount: 
    18750
  </p>
  <p>
    Created at: 
    1970-01-01
  </p>
</div>
`;
