// Jest Snapshot v1, https://goo.gl/fbAQLP

exports[`should render NotFoundPage correctly 1`] = `
<div>
  404! Page Not Found - 
  <Link
    replace={false}
    to="/"
  >
    Go to home
  </Link>
</div>
`;
